// Vitest Snapshot v1, https://vitest.dev/guide/snapshot.html

exports[`Renders 1`] = `
<div
  className="flex h-full w-full flex-col overflow-hidden bg-popover text-popover-foreground rounded-lg border shadow-md"
  cmdk-root=""
  onKeyDown={[Function]}
>
  <label
    cmdk-label=""
    htmlFor=":r2:"
    id=":r1:"
    style={
      {
        "borderWidth": "0",
        "clip": "rect(0, 0, 0, 0)",
        "height": "1px",
        "margin": "-1px",
        "overflow": "hidden",
        "padding": "0",
        "position": "absolute",
        "whiteSpace": "nowrap",
        "width": "1px",
      }
    }
  />
  <div
    className="flex items-center border-b px-3"
    cmdk-input-wrapper=""
  >
    <svg
      className="mr-2 h-4 w-4 shrink-0 opacity-50"
      fill="none"
      height="15"
      viewBox="0 0 15 15"
      width="15"
      xmlns="http://www.w3.org/2000/svg"
    >
      <path
        clipRule="evenodd"
        d="M10 6.5C10 8.433 8.433 10 6.5 10C4.567 10 3 8.433 3 6.5C3 4.567 4.567 3 6.5 3C8.433 3 10 4.567 10 6.5ZM9.30884 10.0159C8.53901 10.6318 7.56251 11 6.5 11C4.01472 11 2 8.98528 2 6.5C2 4.01472 4.01472 2 6.5 2C8.98528 2 11 4.01472 11 6.5C11 7.56251 10.6318 8.53901 10.0159 9.30884L12.8536 12.1464C13.0488 12.3417 13.0488 12.6583 12.8536 12.8536C12.6583 13.0488 12.3417 13.0488 12.1464 12.8536L9.30884 10.0159Z"
        fill="currentColor"
        fillRule="evenodd"
      />
    </svg>
    <input
      aria-autocomplete="list"
      aria-controls=":r0:"
      aria-expanded={true}
      aria-labelledby=":r1:"
      autoComplete="off"
      autoCorrect="off"
      className="flex h-10 w-full rounded-md bg-transparent py-3 text-sm outline-none placeholder:text-muted-foreground disabled:cursor-not-allowed disabled:opacity-50"
      cmdk-input=""
      id=":r2:"
      onChange={[Function]}
      placeholder="Type a command or search..."
      role="combobox"
      spellCheck={false}
      type="text"
      value=""
    />
  </div>
</div>
`;
